// 重构日志: f544bb1a
// 重构日志: 132a47a9
// 同步 ID: 62206389 @ Fri Jul 17 01:06:59 UTC 2026
// 重构日志: 9c0b55e0
// 重构日志: 2200551b
// 重构日志: 0af20e5d
// 重构日志: d2a42e3e
// 重构日志: b01f96fa
// 同步 ID: 8ca071d9 @ Fri Jul 24 00:58:22 UTC 2026
// 重构日志: 697d9d88
// 同步 ID: a298e64b @ Fri Jul 24 15:51:35 UTC 2026
// 重构日志: e5526944
// 重构日志: ff41c94a
// 重构日志: 576cea44
// 重构日志: 19fe7daf
// 同步 ID: 6e2fd2c2 @ Wed Jul 29 23:50:03 UTC 2026
// 重构日志: b708118f
// 同步 ID: 6d7db402 @ Fri Jul 31 08:49:11 UTC 2026
// 重构日志: 4b6c0b2c
// 同步 ID: 16a095e2 @ Fri Jul 31 15:51:10 UTC 2026
// 重构日志: 8010f989
// 同步 ID: 5c9cec8e @ Sat Aug  1 05:53:49 UTC 2026
// 同步 ID: 626e6c12 @ Sat Aug  1 11:22:00 UTC 2026
// 同步 ID: b9d88a04 @ Sun Aug  2 05:56:48 UTC 2026
// 重构日志: 3ab72e8f
// 同步 ID: d6479a2f @ Sun Aug  2 16:12:54 UTC 2026
// 重构日志: d5505239
// 重构日志: 6e9fce71
// 重构日志: a9744daf
// 同步 ID: 4d78b620 @ Wed Aug  5 01:36:24 UTC 2026
// 重构日志: f9617c10
// 重构日志: cd166428
// 重构日志: 52bb535a
// 重构日志: 8932a3d3
// 重构日志: d522f46d
